#-----------------------------------------------------------
# Vivado v2022.1 (64-bit)
# SW Build 3526262 on Mon Apr 18 15:48:16 MDT 2022
# IP Build 3524634 on Mon Apr 18 20:55:01 MDT 2022
# Start of session at: Mon Oct 24 09:47:46 2022
# Process ID: 18940
# Current directory: C:/Users/tiwar/OneDrive/Desktop/vivadoProjects/Modular_design
# Command line: vivado.exe -gui_launcher_event rodinguilauncherevent7128 C:\Users\tiwar\OneDrive\Desktop\vivadoProjects\Modular_design\Modular_design.xpr
# Log file: C:/Users/tiwar/OneDrive/Desktop/vivadoProjects/Modular_design/vivado.log
# Journal file: C:/Users/tiwar/OneDrive/Desktop/vivadoProjects/Modular_design\vivado.jou
# Running On: LAPTOP-4970DKBC, OS: Windows, CPU Frequency: 1498 MHz, CPU Physical cores: 4, Host memory: 8332 MB
#-----------------------------------------------------------
start_gui
open_project C:/Users/tiwar/OneDrive/Desktop/vivadoProjects/Modular_design/Modular_design.xpr
update_compile_order -fileset sources_1
synth_design -rtl -rtl_skip_mlo -name rtl_1
launch_simulation
source Modular_sim.tcl
close_sim
