#-----------------------------------------------------------
# Vivado v2022.1 (64-bit)
# SW Build 3526262 on Mon Apr 18 15:48:16 MDT 2022
# IP Build 3524634 on Mon Apr 18 20:55:01 MDT 2022
# Start of session at: Wed Oct  5 19:45:21 2022
# Process ID: 18160
# Current directory: C:/Users/tiwar/OneDrive/Desktop/vivadoProjects/Minimal_truthT
# Command line: vivado.exe -gui_launcher_event rodinguilauncherevent17092 C:\Users\tiwar\OneDrive\Desktop\vivadoProjects\Minimal_truthT\Minimal_truthT.xpr
# Log file: C:/Users/tiwar/OneDrive/Desktop/vivadoProjects/Minimal_truthT/vivado.log
# Journal file: C:/Users/tiwar/OneDrive/Desktop/vivadoProjects/Minimal_truthT\vivado.jou
# Running On: LAPTOP-4970DKBC, OS: Windows, CPU Frequency: 1498 MHz, CPU Physical cores: 4, Host memory: 8332 MB
#-----------------------------------------------------------
start_gui
open_project C:/Users/tiwar/OneDrive/Desktop/vivadoProjects/Minimal_truthT/Minimal_truthT.xpr
update_compile_order -fileset sources_1
launch_simulation
source Minimal_tTable_sim.tcl
synth_design -rtl -rtl_skip_mlo -name rtl_1
close_sim
